[2m14:59:38[22m [34m[vite][39m connected.
[2m14:59:39[22m [34m[types][39m Generated [2m1ms[22m
[2m14:59:39[22m [34m[vite][39m connected.
[42m[1m astro [22m[49m [32mv7.1.5[39m [2mready in[22m 1985 [2mms[22m
[2m┃[22m Local    [36mhttp://localhost:4322/[39m
[2m┃[22m Network  [2muse --host to expose[22m
[2m14:59:39[22m [32mwatching for file changes...[39m
[2m15:00:02[22m [34m[200][39m / [2m46ms[22m
[2m15:00:07[22m [34m[200][39m / [2m8ms[22m
[2m15:00:07[22m [33m[404][39m /_astro/geist-sans-latin-400-normal.gapTbOY8.woff2 [2m212ms[22m
[2m15:00:21[22m [34m[200][39m /shanghai-restaurant-nyc [2m29ms[22m
[2m15:00:21[22m [33m[404][39m /_astro/geist-sans-latin-400-normal.gapTbOY8.woff2 [2m4ms[22m
[2m15:00:24[22m [34m[200][39m /best-shanghai-restaurants [2m16ms[22m
[2m15:00:24[22m [33m[404][39m /_astro/geist-sans-latin-400-normal.gapTbOY8.woff2 [2m4ms[22m
[2m15:05:12[22m [34m[200][39m /restaurant/yongfoo-elite [2m19ms[22m
[2m15:05:12[22m [33m[404][39m /_astro/geist-sans-latin-400-normal.gapTbOY8.woff2 [2m5ms[22m
[2m15:05:22[22m [34m[200][39m / [2m3ms[22m
[2m15:05:22[22m [33m[404][39m /_astro/geist-sans-latin-400-normal.gapTbOY8.woff2 [2m4ms[22m
[2m15:08:39[22m [34m[200][39m /best-shanghai-restaurants [2m3ms[22m
[2m15:08:39[22m [33m[404][39m /_astro/geist-sans-latin-400-normal.gapTbOY8.woff2 [2m3ms[22m
[2m15:11:43[22m [34m[200][39m /shanghai-restaurant-menu [2m18ms[22m
[2m15:11:43[22m [33m[404][39m /_astro/geist-sans-latin-400-normal.gapTbOY8.woff2 [2m4ms[22m
[2m15:36:16[22m [33m[404][39m /nasa-clean-air-study [2m5ms[22m
[2m15:36:16[22m [33m[404][39m /nasa-clean-air-study [2m5ms[22m
[2m15:36:16[22m [33m[404][39m /_astro/geist-sans-latin-400-normal.gapTbOY8.woff2 [2m5ms[22m
[2m15:36:39[22m [33m[404][39m /plants/snake-plant [2m4ms[22m
[2m15:36:42[22m [34m[200][39m / [2m4ms[22m
[2m15:36:42[22m [33m[404][39m /_astro/geist-sans-latin-400-normal.gapTbOY8.woff2 [2m6ms[22m
[2m16:21:02[22m [34m[watch][39m /src/styles/global.css
[2m16:21:10[22m [34m[watch][39m /src/styles/global.css
[2m16:21:15[22m [34m[watch][39m /src/styles/global.css
[2m16:21:22[22m [34m[watch][39m /src/styles/global.css
[2m16:21:30[22m [34m[watch][39m /src/styles/global.css
[2m16:21:38[22m [34m[watch][39m /src/styles/global.css
[2m16:21:45[22m [34m[watch][39m /src/styles/global.css
[2m16:21:55[22m [34m[watch][39m /src/styles/global.css
[2m16:22:14[22m [34m[watch][39m /src/styles/global.css
[2m16:22:23[22m Configuration file updated. Restarting...
[2m16:22:23[22m [34m[watch][39m /src/styles/global.css
[2m16:22:23[22m [34m[vite][39m connected.
[2m16:22:24[22m [34m[vite][39m connected.
[2m16:22:24[22m [34m[vite][39m server restarted.
[2m16:51:47[22m [34m[200][39m /shanghai-restaurant-menu [2m67ms[22m
[2m16:51:47[22m [34m[200][39m /shanghai-restaurant-menu [2m65ms[22m
[2m16:51:47[22m [34m[200][39m /shanghai-restaurant-menu [2m65ms[22m
[2m16:51:47[22m [33m[404][39m /_astro/geist-sans-latin-400-normal.gapTbOY8.woff2 [2m73ms[22m
[2m16:51:51[22m [34m[200][39m /shanghai-cuisine-guide [2m17ms[22m
[2m16:51:51[22m [33m[404][39m /_astro/geist-sans-latin-400-normal.gapTbOY8.woff2 [2m4ms[22m
[2m16:52:01[22m [34m[200][39m /shanghai-cuisine-guide [2m4ms[22m
[2m16:52:01[22m [33m[404][39m /_astro/geist-sans-latin-400-normal.gapTbOY8.woff2 [2m5ms[22m
[2m16:52:04[22m [34m[200][39m /best-shanghai-restaurants [2m18ms[22m
[2m16:52:04[22m [33m[404][39m /_astro/geist-sans-latin-400-normal.gapTbOY8.woff2 [2m4ms[22m
[2m16:52:04[22m [33m[404][39m /images/photo-1582450871972-ab5ca72a1f7a-1200w.avif [2m4ms[22m
[2m16:52:04[22m [33m[404][39m /images/photo-1551218808-94e220e084d2-1200w.avif [2m3ms[22m
[2m16:52:04[22m [33m[404][39m /images/photo-1496116218417-1a781b1c416c-1200w.avif [2m4ms[22m
[2m16:52:04[22m [33m[404][39m /images/photo-1504674900247-0877df9cc836-1200w.avif [2m4ms[22m
[2m16:52:04[22m [33m[404][39m /images/photo-1414235077428-338989a2e8c0-1200w.avif [2m3ms[22m
[2m16:52:04[22m [33m[404][39m /images/photo-1550966871-3ed3cdb51f3a-1200w.avif [2m3ms[22m
[2m16:52:04[22m [33m[404][39m /images/photo-1625220194771-7ebdea0b70b9-1200w.avif [2m4ms[22m
[2m16:52:04[22m [33m[404][39m /images/photo-1517248135467-4c7edcad34c4-1200w.avif [2m4ms[22m
[2m16:52:04[22m [33m[404][39m /images/photo-1541696490-8744a5dc0228-1200w.avif [2m4ms[22m
[2m16:52:04[22m [33m[404][39m /images/photo-1559339352-11d035aa65de-1200w.avif [2m5ms[22m
[2m16:52:05[22m [34m[200][39m / [2m17ms[22m
[2m16:52:05[22m [33m[404][39m /_astro/geist-sans-latin-400-normal.gapTbOY8.woff2 [2m4ms[22m
[2m16:52:05[22m [33m[404][39m /images/photo-1582450871972-ab5ca72a1f7a-1200w.avif [2m3ms[22m
[2m16:52:05[22m [33m[404][39m /images/photo-1551218808-94e220e084d2-1200w.avif [2m2ms[22m
[2m16:52:05[22m [33m[404][39m /images/photo-1496116218417-1a781b1c416c-1200w.avif [2m3ms[22m
[2m16:52:05[22m [33m[404][39m /images/photo-1504674900247-0877df9cc836-1200w.avif [2m2ms[22m
[2m16:52:05[22m [33m[404][39m /images/photo-1414235077428-338989a2e8c0-1200w.avif [2m4ms[22m
[2m16:52:12[22m [34m[200][39m / [2m5ms[22m
[2m16:52:12[22m [33m[404][39m /_astro/geist-sans-latin-400-normal.gapTbOY8.woff2 [2m4ms[22m
[2m16:52:12[22m [33m[404][39m /images/photo-1582450871972-ab5ca72a1f7a-1200w.avif [2m2ms[22m
[2m16:52:12[22m [33m[404][39m /images/photo-1551218808-94e220e084d2-1200w.avif [2m2ms[22m
[2m16:52:12[22m [33m[404][39m /images/photo-1496116218417-1a781b1c416c-1200w.avif [2m3ms[22m
[2m16:52:12[22m [33m[404][39m /images/photo-1504674900247-0877df9cc836-1200w.avif [2m3ms[22m
[2m16:52:12[22m [33m[404][39m /images/photo-1414235077428-338989a2e8c0-1200w.avif [2m3ms[22m
[2m16:53:31[22m [34m[watch][39m /src/styles/global.css
[2m16:53:32[22m [34m[200][39m / [2m20ms[22m
[2m16:53:32[22m [33m[404][39m /_astro/geist-sans-latin-400-normal.gapTbOY8.woff2 [2m3ms[22m
[2m16:53:37[22m [34m[watch][39m /src/styles/global.css
[2m16:53:37[22m [34m[200][39m / [2m45ms[22m
[2m16:53:37[22m [34m[200][39m / [2m38ms[22m
[2m16:53:37[22m [33m[404][39m /_astro/geist-sans-latin-400-normal.gapTbOY8.woff2 [2m4ms[22m
[2m16:53:39[22m [34m[200][39m / [2m3ms[22m
[2m16:53:39[22m [33m[404][39m /_astro/geist-sans-latin-400-normal.gapTbOY8.woff2 [2m3ms[22m
[2m16:53:41[22m [34m[200][39m / [2m4ms[22m
[2m16:53:41[22m [33m[404][39m /_astro/geist-sans-latin-400-normal.gapTbOY8.woff2 [2m5ms[22m
[2m16:53:42[22m [34m[200][39m / [2m2ms[22m
[2m16:53:42[22m [33m[404][39m /_astro/geist-sans-latin-400-normal.gapTbOY8.woff2 [2m5ms[22m
[2m16:53:43[22m [34m[200][39m / [2m4ms[22m
[2m16:53:43[22m [33m[404][39m /_astro/geist-sans-latin-400-normal.gapTbOY8.woff2 [2m3ms[22m
[2m16:53:43[22m [34m[watch][39m /src/styles/global.css
[2m16:53:43[22m [34m[200][39m / [2m37ms[22m
[2m16:53:43[22m [34m[200][39m / [2m37ms[22m
[2m16:53:43[22m [34m[200][39m / [2m4ms[22m
[2m16:53:43[22m [33m[404][39m /_astro/geist-sans-latin-400-normal.gapTbOY8.woff2 [2m5ms[22m
[2m16:53:47[22m [34m[200][39m / [2m2ms[22m
[2m16:53:47[22m [33m[404][39m /_astro/geist-sans-latin-400-normal.gapTbOY8.woff2 [2m2ms[22m
[2m16:53:48[22m [34m[watch][39m /src/styles/global.css
[2m16:53:53[22m [34m[200][39m /best-shanghai-restaurants [2m23ms[22m
[2m16:53:53[22m [33m[404][39m /_astro/geist-sans-latin-400-normal.gapTbOY8.woff2 [2m7ms[22m
[2m16:53:53[22m [34m[watch][39m /src/styles/global.css
[2m16:53:58[22m [34m[watch][39m /src/styles/global.css
[2m16:54:02[22m [34m[watch][39m /src/styles/global.css
[2m16:54:04[22m [34m[watch][39m /src/styles/global.css
[2m16:54:04[22m [34m[200][39m /shanghai-cuisine-guide [2m23ms[22m
[2m16:54:04[22m [34m[200][39m /shanghai-cuisine-guide [2m23ms[22m
[2m16:54:04[22m [34m[200][39m /shanghai-cuisine-guide [2m2ms[22m
[2m16:54:04[22m [33m[404][39m /_astro/geist-sans-latin-400-normal.gapTbOY8.woff2 [2m4ms[22m
[2m16:54:06[22m [34m[200][39m /shanghai-cuisine-guide [2m2ms[22m
[2m16:54:06[22m [33m[404][39m /_astro/geist-sans-latin-400-normal.gapTbOY8.woff2 [2m4ms[22m
[2m16:54:08[22m [34m[200][39m /best-shanghai-restaurants [2m15ms[22m
[2m16:54:08[22m [33m[404][39m /_astro/geist-sans-latin-400-normal.gapTbOY8.woff2 [2m4ms[22m
[2m16:54:08[22m [33m[404][39m /images/photo-1582450871972-ab5ca72a1f7a-1200w.webp [2m3ms[22m
[2m16:54:08[22m [33m[404][39m /images/photo-1551218808-94e220e084d2-1200w.webp [2m3ms[22m
[2m16:54:08[22m [33m[404][39m /images/photo-1496116218417-1a781b1c416c-1200w.webp [2m2ms[22m
[2m16:54:08[22m [33m[404][39m /images/photo-1504674900247-0877df9cc836-1200w.webp [2m3ms[22m
[2m16:54:08[22m [33m[404][39m /images/photo-1414235077428-338989a2e8c0-1200w.webp [2m2ms[22m
[2m16:54:08[22m [33m[404][39m /images/photo-1550966871-3ed3cdb51f3a-1200w.webp [2m3ms[22m
[2m16:54:08[22m [33m[404][39m /images/photo-1625220194771-7ebdea0b70b9-1200w.webp [2m3ms[22m
[2m16:54:08[22m [33m[404][39m /images/photo-1517248135467-4c7edcad34c4-1200w.webp [2m3ms[22m
[2m16:54:08[22m [33m[404][39m /images/photo-1541696490-8744a5dc0228-1200w.webp [2m2ms[22m
[2m16:54:08[22m [33m[404][39m /images/photo-1559339352-11d035aa65de-1200w.webp [2m4ms[22m
[2m16:54:09[22m [34m[watch][39m /src/styles/global.css
[2m16:54:12[22m [34m[200][39m /best-shanghai-restaurants [2m12ms[22m
[2m16:54:12[22m [33m[404][39m /_astro/geist-sans-latin-400-normal.gapTbOY8.woff2 [2m4ms[22m
[2m16:54:12[22m [33m[404][39m /images/photo-1582450871972-ab5ca72a1f7a-1200w.webp [2m3ms[22m
[2m16:54:12[22m [33m[404][39m /images/photo-1551218808-94e220e084d2-1200w.webp [2m3ms[22m
[2m16:54:12[22m [33m[404][39m /images/photo-1496116218417-1a781b1c416c-1200w.webp [2m5ms[22m
[2m16:54:12[22m [33m[404][39m /images/photo-1504674900247-0877df9cc836-1200w.webp [2m5ms[22m
[2m16:54:12[22m [33m[404][39m /images/photo-1414235077428-338989a2e8c0-1200w.webp [2m8ms[22m
[2m16:54:12[22m [33m[404][39m /images/photo-1550966871-3ed3cdb51f3a-1200w.webp [2m5ms[22m
[2m16:54:12[22m [33m[404][39m /images/photo-1625220194771-7ebdea0b70b9-1200w.webp [2m5ms[22m
[2m16:54:12[22m [33m[404][39m /images/photo-1517248135467-4c7edcad34c4-1200w.webp [2m4ms[22m
[2m16:54:12[22m [33m[404][39m /images/photo-1541696490-8744a5dc0228-1200w.webp [2m5ms[22m
[2m16:54:12[22m [33m[404][39m /images/photo-1559339352-11d035aa65de-1200w.webp [2m4ms[22m
[2m16:54:14[22m [34m[watch][39m /src/styles/global.css
[2m16:54:23[22m Configuration file removed. Restarting...
[2m16:54:23[22m [34m[vite][39m connected.
[2m16:54:24[22m [34m[vite][39m connected.
[2m16:54:24[22m [34m[vite][39m Re-optimizing dependencies because vite config has changed
[2m16:54:25[22m [34m[vite][39m server restarted.
[2m16:54:25[22m [34m[200][39m /best-shanghai-restaurants [2m68ms[22m
[2m16:54:25[22m [33m[404][39m /_astro/geist-sans-latin-400-normal.gapTbOY8.woff2 [2m68ms[22m
[2m16:54:25[22m [33m[404][39m /images/photo-1582450871972-ab5ca72a1f7a-1200w.webp [2m3ms[22m
[2m16:54:25[22m [33m[404][39m /images/photo-1551218808-94e220e084d2-1200w.webp [2m10ms[22m
[2m16:54:25[22m [33m[404][39m /images/photo-1496116218417-1a781b1c416c-1200w.webp [2m5ms[22m
[2m16:54:26[22m [33m[404][39m /images/photo-1504674900247-0877df9cc836-1200w.webp [2m2ms[22m
[2m16:54:37[22m [33m[404][39m /images/photo-1414235077428-338989a2e8c0-1200w.webp [2m4ms[22m
[2m16:54:37[22m [33m[404][39m /images/photo-1550966871-3ed3cdb51f3a-1200w.webp [2m3ms[22m
[2m16:54:37[22m [33m[404][39m /images/photo-1625220194771-7ebdea0b70b9-1200w.webp [2m6ms[22m
[2m16:54:37[22m [33m[404][39m /images/photo-1517248135467-4c7edcad34c4-1200w.webp [2m3ms[22m
[2m16:54:37[22m [33m[404][39m /images/photo-1541696490-8744a5dc0228-1200w.webp [2m3ms[22m
[2m16:54:37[22m [33m[404][39m /images/photo-1559339352-11d035aa65de-1200w.webp [2m2ms[22m
[2m16:54:39[22m [34m[200][39m /best-shanghai-restaurants [2m4ms[22m
[2m16:54:39[22m [33m[404][39m /_astro/geist-sans-latin-400-normal.gapTbOY8.woff2 [2m3ms[22m
[2m16:54:39[22m [33m[404][39m /images/photo-1582450871972-ab5ca72a1f7a-1200w.webp [2m2ms[22m
[2m16:54:39[22m [33m[404][39m /images/photo-1551218808-94e220e084d2-1200w.webp [2m3ms[22m
[2m16:54:39[22m [33m[404][39m /images/photo-1496116218417-1a781b1c416c-1200w.webp [2m2ms[22m
[2m16:54:39[22m [33m[404][39m /images/photo-1504674900247-0877df9cc836-1200w.webp [2m3ms[22m
[2m16:54:39[22m [33m[404][39m /images/photo-1414235077428-338989a2e8c0-1200w.webp [2m5ms[22m
[2m16:54:39[22m [33m[404][39m /images/photo-1550966871-3ed3cdb51f3a-1200w.webp [2m5ms[22m
[2m16:54:39[22m [33m[404][39m /images/photo-1625220194771-7ebdea0b70b9-1200w.webp [2m3ms[22m
[2m16:54:39[22m [33m[404][39m /images/photo-1517248135467-4c7edcad34c4-1200w.webp [2m3ms[22m
[2m16:54:39[22m [33m[404][39m /images/photo-1541696490-8744a5dc0228-1200w.webp [2m5ms[22m
[2m16:54:39[22m [33m[404][39m /images/photo-1559339352-11d035aa65de-1200w.webp [2m4ms[22m
[2m16:54:41[22m [34m[200][39m /best-shanghai-restaurants [2m4ms[22m
[2m16:54:41[22m [33m[404][39m /_astro/geist-sans-latin-400-normal.gapTbOY8.woff2 [2m4ms[22m
[2m16:54:41[22m [33m[404][39m /images/photo-1582450871972-ab5ca72a1f7a-1200w.webp [2m3ms[22m
[2m16:54:41[22m [33m[404][39m /images/photo-1551218808-94e220e084d2-1200w.webp [2m4ms[22m
[2m16:54:41[22m [33m[404][39m /images/photo-1496116218417-1a781b1c416c-1200w.webp [2m2ms[22m
[2m16:54:41[22m [33m[404][39m /images/photo-1504674900247-0877df9cc836-1200w.webp [2m3ms[22m
[2m16:54:41[22m [33m[404][39m /images/photo-1414235077428-338989a2e8c0-1200w.webp [2m3ms[22m
[2m16:54:41[22m [33m[404][39m /images/photo-1550966871-3ed3cdb51f3a-1200w.webp [2m3ms[22m
[2m16:54:41[22m [33m[404][39m /images/photo-1625220194771-7ebdea0b70b9-1200w.webp [2m2ms[22m
[2m16:54:41[22m [33m[404][39m /images/photo-1517248135467-4c7edcad34c4-1200w.webp [2m3ms[22m
[2m16:54:41[22m [33m[404][39m /images/photo-1541696490-8744a5dc0228-1200w.webp [2m2ms[22m
[2m16:54:41[22m [33m[404][39m /images/photo-1559339352-11d035aa65de-1200w.webp [2m3ms[22m
[2m16:54:42[22m [34m[200][39m /best-shanghai-restaurants [2m2ms[22m
[2m16:54:42[22m [33m[404][39m /_astro/geist-sans-latin-400-normal.gapTbOY8.woff2 [2m2ms[22m
[2m16:54:42[22m [33m[404][39m /images/photo-1582450871972-ab5ca72a1f7a-1200w.webp [2m3ms[22m
[2m16:54:42[22m [33m[404][39m /images/photo-1551218808-94e220e084d2-1200w.webp [2m2ms[22m
[2m16:54:42[22m [33m[404][39m /images/photo-1496116218417-1a781b1c416c-1200w.webp [2m2ms[22m
[2m16:54:42[22m [33m[404][39m /images/photo-1504674900247-0877df9cc836-1200w.webp [2m2ms[22m
[2m16:54:42[22m [33m[404][39m /images/photo-1414235077428-338989a2e8c0-1200w.webp [2m4ms[22m
[2m16:54:42[22m [33m[404][39m /images/photo-1550966871-3ed3cdb51f3a-1200w.webp [2m3ms[22m
[2m16:54:42[22m [33m[404][39m /images/photo-1625220194771-7ebdea0b70b9-1200w.webp [2m2ms[22m
[2m16:54:42[22m [33m[404][39m /images/photo-1517248135467-4c7edcad34c4-1200w.webp [2m2ms[22m
[2m16:54:42[22m [33m[404][39m /images/photo-1541696490-8744a5dc0228-1200w.webp [2m3ms[22m
[2m16:54:42[22m [33m[404][39m /images/photo-1559339352-11d035aa65de-1200w.webp [2m3ms[22m
[2m16:54:43[22m [34m[200][39m /shanghai-cuisine-guide [2m19ms[22m
[2m16:54:43[22m [33m[404][39m /_astro/geist-sans-latin-400-normal.gapTbOY8.woff2 [2m3ms[22m
[2m16:54:44[22m [34m[200][39m /shanghai-restaurant-menu [2m13ms[22m
[2m16:54:44[22m [33m[404][39m /_astro/geist-sans-latin-400-normal.gapTbOY8.woff2 [2m3ms[22m
[2m16:54:45[22m [34m[200][39m /blog [2m19ms[22m
[2m16:54:45[22m [33m[404][39m /_astro/geist-sans-latin-400-normal.gapTbOY8.woff2 [2m3ms[22m
[2m16:54:46[22m [34m[200][39m /about [2m13ms[22m
[2m16:54:46[22m [33m[404][39m /_astro/geist-sans-latin-400-normal.gapTbOY8.woff2 [2m5ms[22m
[2m16:54:47[22m [34m[200][39m /best-shanghai-restaurants [2m2ms[22m
[2m16:54:47[22m [33m[404][39m /_astro/geist-sans-latin-400-normal.gapTbOY8.woff2 [2m3ms[22m
[2m16:54:47[22m [33m[404][39m /images/photo-1582450871972-ab5ca72a1f7a-1200w.webp [2m3ms[22m
[2m16:54:47[22m [33m[404][39m /images/photo-1551218808-94e220e084d2-1200w.webp [2m3ms[22m
[2m16:54:47[22m [33m[404][39m /images/photo-1496116218417-1a781b1c416c-1200w.webp [2m3ms[22m
[2m16:54:47[22m [33m[404][39m /images/photo-1504674900247-0877df9cc836-1200w.webp [2m3ms[22m
[2m16:54:47[22m [33m[404][39m /images/photo-1414235077428-338989a2e8c0-1200w.webp [2m3ms[22m
[2m16:54:47[22m [33m[404][39m /images/photo-1550966871-3ed3cdb51f3a-1200w.webp [2m3ms[22m
[2m16:54:47[22m [33m[404][39m /images/photo-1625220194771-7ebdea0b70b9-1200w.webp [2m3ms[22m
[2m16:54:47[22m [33m[404][39m /images/photo-1517248135467-4c7edcad34c4-1200w.webp [2m3ms[22m
[2m16:54:47[22m [33m[404][39m /images/photo-1541696490-8744a5dc0228-1200w.webp [2m2ms[22m
[2m16:54:47[22m [33m[404][39m /images/photo-1559339352-11d035aa65de-1200w.webp [2m2ms[22m
[2m16:54:48[22m [34m[200][39m /best-shanghai-restaurants [2m3ms[22m
[2m16:54:48[22m [33m[404][39m /_astro/geist-sans-latin-400-normal.gapTbOY8.woff2 [2m3ms[22m
[2m16:54:48[22m [33m[404][39m /images/photo-1582450871972-ab5ca72a1f7a-1200w.webp [2m3ms[22m
[2m16:54:48[22m [33m[404][39m /images/photo-1551218808-94e220e084d2-1200w.webp [2m2ms[22m
[2m16:54:48[22m [33m[404][39m /images/photo-1496116218417-1a781b1c416c-1200w.webp [2m3ms[22m
[2m16:54:48[22m [33m[404][39m /images/photo-1504674900247-0877df9cc836-1200w.webp [2m2ms[22m
[2m16:54:48[22m [33m[404][39m /images/photo-1414235077428-338989a2e8c0-1200w.webp [2m4ms[22m
[2m16:54:48[22m [33m[404][39m /images/photo-1550966871-3ed3cdb51f3a-1200w.webp [2m3ms[22m
[2m16:54:48[22m [33m[404][39m /images/photo-1625220194771-7ebdea0b70b9-1200w.webp [2m4ms[22m
[2m16:54:48[22m [33m[404][39m /images/photo-1517248135467-4c7edcad34c4-1200w.webp [2m2ms[22m
[2m16:54:48[22m [33m[404][39m /images/photo-1541696490-8744a5dc0228-1200w.webp [2m5ms[22m
[2m16:54:48[22m [33m[404][39m /images/photo-1559339352-11d035aa65de-1200w.webp [2m2ms[22m
[2m16:55:12[22m [34m[watch][39m /src/styles/global.css
[2m16:55:12[22m [34m[watch][39m /src/styles/global.css
[2m16:55:12[22m [34m[watch][39m /src/styles/global.css
[2m16:55:12[22m [34m[watch][39m /src/styles/global.css
[2m16:55:13[22m [34m[200][39m /best-shanghai-restaurants [2m22ms[22m
[2m16:55:13[22m [33m[404][39m /_astro/geist-sans-latin-400-normal.gapTbOY8.woff2 [2m3ms[22m
[2m16:55:13[22m [33m[404][39m /images/photo-1582450871972-ab5ca72a1f7a-1200w.avif [2m4ms[22m
[2m16:55:13[22m [33m[404][39m /images/photo-1551218808-94e220e084d2-1200w.avif [2m4ms[22m
[2m16:55:13[22m [33m[404][39m /images/photo-1496116218417-1a781b1c416c-1200w.avif [2m3ms[22m
[2m16:55:13[22m [33m[404][39m /images/photo-1504674900247-0877df9cc836-1200w.avif [2m3ms[22m
[2m16:55:25[22m [33m[404][39m /images/photo-1414235077428-338989a2e8c0-1200w.avif [2m3ms[22m
[2m16:55:25[22m [33m[404][39m /images/photo-1550966871-3ed3cdb51f3a-1200w.avif [2m3ms[22m
[2m16:55:25[22m [33m[404][39m /images/photo-1625220194771-7ebdea0b70b9-1200w.avif [2m2ms[22m
[2m16:55:25[22m [33m[404][39m /images/photo-1517248135467-4c7edcad34c4-1200w.avif [2m2ms[22m
[2m16:55:25[22m [33m[404][39m /images/photo-1541696490-8744a5dc0228-1200w.avif [2m2ms[22m
[2m16:55:25[22m [33m[404][39m /images/photo-1559339352-11d035aa65de-1200w.avif [2m4ms[22m
[2m16:55:28[22m [34m[200][39m /shanghai-cuisine-guide [2m11ms[22m
[2m16:55:28[22m [33m[404][39m /_astro/geist-sans-latin-400-normal.gapTbOY8.woff2 [2m3ms[22m
[2m16:55:30[22m [34m[watch][39m /src/styles/global.css
[2m16:55:30[22m [34m[200][39m /shanghai-cuisine-guide [2m12ms[22m
[2m16:55:30[22m [33m[404][39m /_astro/geist-sans-latin-400-normal.gapTbOY8.woff2 [2m5ms[22m
[2m16:55:32[22m [34m[200][39m /shanghai-restaurant-menu [2m2ms[22m
[2m16:55:32[22m [33m[404][39m /_astro/geist-sans-latin-400-normal.gapTbOY8.woff2 [2m3ms[22m
[2m16:55:35[22m [34m[200][39m /best-shanghai-restaurants [2m14ms[22m
[2m16:55:35[22m [33m[404][39m /_astro/geist-sans-latin-400-normal.gapTbOY8.woff2 [2m3ms[22m
[2m16:55:39[22m [34m[watch][39m /src/styles/global.css
[2m16:55:40[22m [34m[200][39m / [2m16ms[22m
[2m16:55:40[22m [33m[404][39m /_astro/geist-sans-latin-400-normal.gapTbOY8.woff2 [2m4ms[22m
[2m16:55:42[22m [34m[200][39m /best-shanghai-restaurants [2m3ms[22m
[2m16:55:42[22m [33m[404][39m /_astro/geist-sans-latin-400-normal.gapTbOY8.woff2 [2m3ms[22m
[2m16:55:45[22m [34m[watch][39m /src/styles/global.css
[2m16:55:46[22m [34m[200][39m /shanghai-cuisine-guide [2m28ms[22m
[2m16:55:46[22m [33m[404][39m /_astro/geist-sans-latin-400-normal.gapTbOY8.woff2 [2m6ms[22m
[2m16:55:48[22m [34m[200][39m /shanghai-restaurant-menu [2m4ms[22m
[2m16:55:48[22m [33m[404][39m /_astro/geist-sans-latin-400-normal.gapTbOY8.woff2 [2m4ms[22m
[2m16:55:49[22m [34m[200][39m /blog [2m2ms[22m
[2m16:55:49[22m [33m[404][39m /_astro/geist-sans-latin-400-normal.gapTbOY8.woff2 [2m3ms[22m
[2m16:55:52[22m [34m[200][39m /blog/shanghai-street-food-2026 [2m12ms[22m
[2m16:55:52[22m [33m[404][39m /_astro/geist-sans-latin-400-normal.gapTbOY8.woff2 [2m2ms[22m
[2m16:55:54[22m [34m[watch][39m /src/styles/global.css
[2m16:55:55[22m [34m[200][39m /blog/shanghai-street-food-2026 [2m12ms[22m
[2m16:55:55[22m [34m[200][39m /shanghai-restaurant-menu [2m3ms[22m
[2m16:55:55[22m [33m[404][39m /_astro/geist-sans-latin-400-normal.gapTbOY8.woff2 [2m4ms[22m
[2m16:55:59[22m [34m[watch][39m /src/styles/global.css
[2m16:56:00[22m [34m[200][39m /shanghai-restaurant-menu [2m12ms[22m
[2m16:56:00[22m [33m[404][39m /_astro/geist-sans-latin-400-normal.gapTbOY8.woff2 [2m5ms[22m
[2m16:56:05[22m [34m[watch][39m /src/styles/global.css
[2m16:56:11[22m [34m[watch][39m /src/styles/global.css
[2m16:56:17[22m [34m[watch][39m /src/styles/global.css
[2m16:56:18[22m [34m[200][39m /shanghai-restaurant-menu [2m12ms[22m
[2m16:56:18[22m [33m[404][39m /_astro/geist-sans-latin-400-normal.gapTbOY8.woff2 [2m4ms[22m
[2m16:56:54[22m [34m[200][39m /best-shanghai-restaurants [2m3ms[22m
[2m16:56:54[22m [33m[404][39m /_astro/geist-sans-latin-400-normal.gapTbOY8.woff2 [2m3ms[22m
[2m16:56:57[22m [34m[200][39m / [2m2ms[22m
[2m16:56:57[22m [33m[404][39m /_astro/geist-sans-latin-400-normal.gapTbOY8.woff2 [2m2ms[22m
[2m17:05:09[22m [34m[watch][39m /src/styles/global.css
[2m17:05:09[22m [34m[watch][39m /src/styles/global.css
[2m17:05:09[22m [34m[watch][39m /src/styles/global.css
[2m17:05:09[22m [34m[watch][39m /src/styles/global.css
[2m17:05:09[22m [34m[watch][39m src/utils/images.ts
[2m17:05:09[22m [34m[200][39m / [2m26ms[22m
[2m17:05:09[22m [33m[404][39m /_astro/geist-sans-latin-400-normal.gapTbOY8.woff2 [2m6ms[22m
[2m17:05:09[22m [33m[404][39m /images/photo-1582450871972-ab5ca72a1f7a-1200w.avif [2m4ms[22m
[2m17:05:09[22m [33m[404][39m /images/photo-1551218808-94e220e084d2-1200w.avif [2m3ms[22m
[2m17:05:09[22m [33m[404][39m /images/photo-1496116218417-1a781b1c416c-1200w.avif [2m5ms[22m
[2m17:05:09[22m [33m[404][39m /images/photo-1504674900247-0877df9cc836-1200w.avif [2m4ms[22m
[2m17:10:11[22m [34m[watch][39m /src/styles/global.css
[2m17:10:12[22m [34m[200][39m / [2m23ms[22m
[2m17:10:12[22m [33m[404][39m /_astro/geist-sans-latin-400-normal.gapTbOY8.woff2 [2m3ms[22m
[2m17:10:13[22m [34m[watch][39m /src/styles/global.css
[2m17:10:14[22m [34m[200][39m / [2m32ms[22m
[2m17:10:14[22m [33m[404][39m /_astro/geist-sans-latin-400-normal.gapTbOY8.woff2 [2m4ms[22m
[2m17:12:01[22m [34m[200][39m /best-shanghai-restaurants [2m18ms[22m
[2m17:12:01[22m [33m[404][39m /_astro/geist-sans-latin-400-normal.gapTbOY8.woff2 [2m5ms[22m
[2m17:12:03[22m [34m[200][39m /shanghai-cuisine-guide [2m15ms[22m
[2m17:12:03[22m [33m[404][39m /_astro/geist-sans-latin-400-normal.gapTbOY8.woff2 [2m4ms[22m
[2m17:12:04[22m [34m[200][39m /shanghai-restaurant-menu [2m3ms[22m
[2m17:12:04[22m [33m[404][39m /_astro/geist-sans-latin-400-normal.gapTbOY8.woff2 [2m4ms[22m
[2m17:12:05[22m [34m[200][39m /blog [2m2ms[22m
[2m17:12:05[22m [33m[404][39m /_astro/geist-sans-latin-400-normal.gapTbOY8.woff2 [2m3ms[22m
[2m17:19:02[22m Configuration file updated. Restarting...
[2m17:19:02[22m [34m[watch][39m /src/styles/global.css
[2m17:19:02[22m [34m[watch][39m /src/styles/global.css
[2m17:19:02[22m [34m[watch][39m /src/styles/global.css
[2m17:19:02[22m [34m[watch][39m /src/styles/global.css
[2m17:19:02[22m [34m[watch][39m /src/styles/global.css
[2m17:19:02[22m [34m[watch][39m /src/styles/global.css
[2m17:19:02[22m [34m[watch][39m /src/styles/global.css
[2m17:19:02[22m [34m[vite][39m connected.
[2m17:19:02[22m [34m[200][39m /blog [2m28ms[22m
[2m17:19:02[22m [33m[404][39m /_astro/geist-sans-latin-400-normal.gapTbOY8.woff2 [2m3ms[22m
[2m17:19:04[22m [34m[vite][39m connected.
[2m17:19:04[22m [34m[vite][39m Re-optimizing dependencies because vite config has changed
[2m17:19:04[22m [34m[vite][39m server restarted.
[2m17:19:05[22m [34m[200][39m /blog [2m48ms[22m
[2m17:19:05[22m [33m[404][39m /_astro/geist-sans-latin-400-normal.gapTbOY8.woff2 [2m55ms[22m
[2m17:20:30[22m [34m[watch][39m /src/styles/global.css
[2m17:20:30[22m [34m[watch][39m /src/styles/global.css
[2m17:20:30[22m [34m[watch][39m /src/styles/global.css
[2m17:20:30[22m [34m[watch][39m /src/styles/global.css
[2m17:20:30[22m [34m[watch][39m /src/styles/global.css
[2m17:20:30[22m [34m[watch][39m /src/styles/global.css
[2m17:20:30[22m [34m[watch][39m /src/styles/global.css
[2m17:20:30[22m [34m[watch][39m /src/styles/global.css
[2m17:20:30[22m [34m[watch][39m /src/styles/global.css
[2m17:20:30[22m [34m[watch][39m /src/styles/global.css
[2m17:20:30[22m [34m[watch][39m /src/styles/global.css
[2m17:20:30[22m [34m[watch][39m /src/styles/global.css
[2m17:20:30[22m [34m[watch][39m /src/styles/global.css
[2m17:21:32[22m [34m[200][39m /best-shanghai-restaurants [2m25ms[22m
[2m17:21:32[22m [33m[404][39m /_astro/geist-sans-latin-400-normal.gapTbOY8.woff2 [2m5ms[22m
[2m17:21:33[22m [34m[200][39m / [2m13ms[22m
[2m17:21:33[22m [33m[404][39m /_astro/geist-sans-latin-400-normal.gapTbOY8.woff2 [2m4ms[22m
[2m17:21:36[22m [34m[200][39m /cuisine/xiaolongbao [2m18ms[22m
[2m17:21:36[22m [33m[404][39m /_astro/geist-sans-latin-400-normal.gapTbOY8.woff2 [2m4ms[22m
